// Jest Snapshot v1, https://goo.gl/fbAQLP

exports[`App test should render correctly 1`] = `
<Fragment>
  <Header />
  <ProductList
    products={Array []}
  />
</Fragment>
`;
